
> portfolio-temp@0.1.0 build
> next build

Γû▓ Next.js 16.1.3 (Turbopack)

  Creating an optimized production build ...
Γ£ô Compiled successfully in 11.4s
  Running TypeScript ...
node.exe : Failed to compile.
At line:1 char:1
+ & "C:\Program Files\nodejs/node.exe" 
"C:\Program Files\nodejs/node_mo ...
+ ~~~~~~~~~~~~~~~~~~~~~~~~~~~~~~~~~~~~~~~~
~~~~~~~~~~~~~~~~~~~~~~~~~~~~~
    + CategoryInfo          : NotSpecifie 
   d: (Failed to compile.:String) [], Re  
  moteException
    + FullyQualifiedErrorId : NativeComma 
   ndError
 

./src/views/gamified/scenes/BattleScene.ts
:277:42
Type error: Object is possibly 
'undefined'.

[0m [90m 275 |[39m
 [90m 276 |[39m         [90m// 
Movement[39m
[31m[1m>[22m[39m[90m 277 |[39m      
   [36mif[39m ([36mthis[39m[33m.[39m
cursors[33m.[39mleft[33m?[39m[33m.[3
9misDown [33m||[39m [36mthis[39m[33m.
[39mkeys[33m.[39mleft[33m.[39misDown)
 {
 [90m     |[39m                         
                 [31m[1m^[22m[39m
 [90m 278 |[39m             [36mthis[3
9m[33m.[39mplayer[33m.[39msetVelocityX
([33m-[39m[35m250[39m)[33m;[39m
 [90m 279 |[39m             [36mthis[3
9m[33m.[39mplayer[33m.[39msetFlipX([3
6mtrue[39m)[33m;[39m
 [90m 280 |[39m             
[36mif[39m ([33m![39m[36mthis[39m[3
3m.[39misDodging) [36mthis[39m[33m.[3
9mplayer[33m.[39msetTexture([32m'player
-walk'[39m)[33m;[39m[0m
Next.js build worker exited with code: 1 
and signal: null
